---
source: crates/markdown-neuraxis-syntax/src/lib.rs
expression: "format_tree(&tree, 0)"
---
ROOT@0..250
  HEADING@0..13
    HASH@0..1 "#"
    WHITESPACE@1..2 " "
    TEXT@2..6 "Main"
    WHITESPACE@6..7 " "
    TEXT@7..12 "Title"
    NEWLINE@12..13 "\\n"
  NEWLINE@13..14 "\\n"
  PARAGRAPH@14..79
    TEXT@14..18 "This"
    WHITESPACE@18..19 " "
    TEXT@19..21 "is"
    WHITESPACE@21..22 " "
    TEXT@22..23 "a"
    WHITESPACE@23..24 " "
    TEXT@24..33 "paragraph"
    WHITESPACE@33..34 " "
    TEXT@34..38 "with"
    WHITESPACE@38..39 " "
    WIKILINK@39..52
      LBRACKET@39..40 "["
      LBRACKET@40..41 "["
      TEXT@41..50 "wikilinks"
      RBRACKET@50..51 "]"
      RBRACKET@51..52 "]"
    WHITESPACE@52..53 " "
    TEXT@53..56 "and"
    WHITESPACE@56..57 " "
    LINK@57..77
      LBRACKET@57..58 "["
      TEXT@58..65 "regular"
      WHITESPACE@65..66 " "
      TEXT@66..71 "links"
      RBRACKET@71..72 "]"
      LPAREN@72..73 "("
      TEXT@73..76 "url"
      RPAREN@76..77 ")"
    DOT@77..78 "."
    NEWLINE@78..79 "\\n"
  NEWLINE@79..80 "\\n"
  HEADING@80..96
    HASH@80..81 "#"
    HASH@81..82 "#"
    WHITESPACE@82..83 " "
    TEXT@83..87 "Code"
    WHITESPACE@87..88 " "
    TEXT@88..95 "Example"
    NEWLINE@95..96 "\\n"
  NEWLINE@96..97 "\\n"
  FENCED_CODE@97..146
    BACKTICK@97..98 "`"
    BACKTICK@98..99 "`"
    BACKTICK@99..100 "`"
    TEXT@100..104 "rust"
    NEWLINE@104..105 "\\n"
    TEXT@105..107 "fn"
    WHITESPACE@107..108 " "
    TEXT@108..112 "main"
    LPAREN@112..113 "("
    RPAREN@113..114 ")"
    WHITESPACE@114..115 " "
    TEXT@115..116 "{"
    NEWLINE@116..117 "\\n"
    WHITESPACE@117..121 "    "
    TEXT@121..129 "println!"
    LPAREN@129..130 "("
    TEXT@130..137 "\"Hello\""
    RPAREN@137..138 ")"
    TEXT@138..139 ";"
    NEWLINE@139..140 "\\n"
    TEXT@140..141 "}"
    NEWLINE@141..142 "\\n"
    BACKTICK@142..143 "`"
    BACKTICK@143..144 "`"
    BACKTICK@144..145 "`"
    NEWLINE@145..146 "\\n"
  NEWLINE@146..147 "\\n"
  BLOCK_QUOTE@147..179
    GT@147..148 ">"
    WHITESPACE@148..149 " "
    TEXT@149..150 "A"
    WHITESPACE@150..151 " "
    TEXT@151..161 "blockquote"
    WHITESPACE@161..162 " "
    TEXT@162..166 "with"
    WHITESPACE@166..167 " "
    EMPHASIS@167..177
      STAR@167..168 "*"
      TEXT@168..176 "emphasis"
      STAR@176..177 "*"
    DOT@177..178 "."
    NEWLINE@178..179 "\\n"
  NEWLINE@179..180 "\\n"
  LIST_ITEM@180..193
    DASH@180..181 "-"
    WHITESPACE@181..182 " "
    TEXT@182..187 "First"
    WHITESPACE@187..188 " "
    TEXT@188..192 "item"
    NEWLINE@192..193 "\\n"
  LIST_ITEM@193..207
    DASH@193..194 "-"
    WHITESPACE@194..195 " "
    TEXT@195..201 "Second"
    WHITESPACE@201..202 " "
    TEXT@202..206 "item"
    NEWLINE@206..207 "\\n"
  LIST_ITEM@207..227
    DASH@207..208 "-"
    WHITESPACE@208..209 " "
    TEXT@209..214 "Third"
    WHITESPACE@214..215 " "
    TEXT@215..219 "with"
    WHITESPACE@219..220 " "
    CODE_SPAN@220..226
      BACKTICK@220..221 "`"
      TEXT@221..225 "code"
      BACKTICK@225..226 "`"
    NEWLINE@226..227 "\\n"
  NEWLINE@227..228 "\\n"
  THEMATIC_BREAK@228..232
    DASH@228..229 "-"
    DASH@229..230 "-"
    DASH@230..231 "-"
    NEWLINE@231..232 "\\n"
  NEWLINE@232..233 "\\n"
  PARAGRAPH@233..250
    TEXT@233..238 "Final"
    WHITESPACE@238..239 " "
    TEXT@239..248 "paragraph"
    DOT@248..249 "."
    NEWLINE@249..250 "\\n"
