---
source: crates/markdown-neuraxis-syntax/src/lib.rs
expression: "format_tree(&tree, 0)"
---
ROOT@0..25
  FENCED_CODE@0..25
    BACKTICK@0..1 "`"
    BACKTICK@1..2 "`"
    BACKTICK@2..3 "`"
    TEXT@3..7 "rust"
    NEWLINE@7..8 "\\n"
    TEXT@8..10 "fn"
    WHITESPACE@10..11 " "
    TEXT@11..15 "main"
    LPAREN@15..16 "("
    RPAREN@16..17 ")"
    WHITESPACE@17..18 " "
    TEXT@18..20 "{}"
    NEWLINE@20..21 "\\n"
    BACKTICK@21..22 "`"
    BACKTICK@22..23 "`"
    BACKTICK@23..24 "`"
    NEWLINE@24..25 "\\n"
