---
source: crates/markdown-neuraxis-syntax/src/lib.rs
expression: "format_tree(&tree, 0)"
---
ROOT@0..155
  FRONTMATTER@0..77
    DASH@0..1 "-"
    DASH@1..2 "-"
    DASH@2..3 "-"
    NEWLINE@3..4 "\\n"
    TEXT@4..9 "title"
    COLON@9..10 ":"
    WHITESPACE@10..11 " "
    TEXT@11..15 "Test"
    WHITESPACE@15..16 " "
    TEXT@16..24 "Document"
    NEWLINE@24..25 "\\n"
    TEXT@25..29 "date"
    COLON@29..30 ":"
    WHITESPACE@30..31 " "
    TEXT@31..35 "2024"
    DASH@35..36 "-"
    TEXT@36..38 "01"
    DASH@38..39 "-"
    TEXT@39..41 "15"
    NEWLINE@41..42 "\\n"
    TEXT@42..46 "tags"
    COLON@46..47 ":"
    WHITESPACE@47..48 " "
    LBRACKET@48..49 "["
    TEXT@49..54 "rust,"
    WHITESPACE@54..55 " "
    TEXT@55..64 "markdown,"
    WHITESPACE@64..65 " "
    TEXT@65..71 "parser"
    RBRACKET@71..72 "]"
    NEWLINE@72..73 "\\n"
    DASH@73..74 "-"
    DASH@74..75 "-"
    DASH@75..76 "-"
    NEWLINE@76..77 "\\n"
  HEADING@77..105
    HASH@77..78 "#"
    WHITESPACE@78..79 " "
    TEXT@79..86 "Heading"
    WHITESPACE@86..87 " "
    TEXT@87..92 "After"
    WHITESPACE@92..93 " "
    TEXT@93..104 "Frontmatter"
    NEWLINE@104..105 "\\n"
  NEWLINE@105..106 "\\n"
  PARAGRAPH@106..155
    TEXT@106..110 "This"
    WHITESPACE@110..111 " "
    TEXT@111..113 "is"
    WHITESPACE@113..114 " "
    TEXT@114..115 "a"
    WHITESPACE@115..116 " "
    TEXT@116..125 "paragraph"
    WHITESPACE@125..126 " "
    TEXT@126..131 "after"
    WHITESPACE@131..132 " "
    TEXT@132..135 "the"
    WHITESPACE@135..136 " "
    TEXT@136..147 "frontmatter"
    WHITESPACE@147..148 " "
    TEXT@148..153 "block"
    DOT@153..154 "."
    NEWLINE@154..155 "\\n"
