---
source: crates/markdown-neuraxis-syntax/src/lib.rs
expression: "format_tree(&tree, 0)"
---
ROOT@0..437
  LIST@0..95
    LIST_ITEM@0..80
      DASH@0..1 "-"
      WHITESPACE@1..2 " "
      PARAGRAPH@2..30
        TEXT@2..7 "First"
        WHITESPACE@7..8 " "
        TEXT@8..12 "item"
        NEWLINE@12..13 "\\n"
        WHITESPACE@13..15 "  "
        TEXT@15..24 "continued"
        WHITESPACE@24..25 " "
        TEXT@25..29 "here"
        NEWLINE@29..30 "\\n"
      WHITESPACE@30..32 "  "
      BLOCK_QUOTE@32..46
        GT@32..33 ">"
        WHITESPACE@33..34 " "
        TEXT@34..40 "quoted"
        WHITESPACE@40..41 " "
        TEXT@41..45 "part"
        NEWLINE@45..46 "\\n"
      WHITESPACE@46..48 "  "
      BLOCK_QUOTE@48..61
        GT@48..49 ">"
        WHITESPACE@49..50 " "
        TEXT@50..54 "more"
        WHITESPACE@54..55 " "
        TEXT@55..60 "quote"
        NEWLINE@60..61 "\\n"
      WHITESPACE@61..63 "  "
      BLOCK_QUOTE@63..80
        GT@63..64 ">"
        BLOCK_QUOTE@64..80
          GT@64..65 ">"
          WHITESPACE@65..66 " "
          TEXT@66..72 "deeply"
          WHITESPACE@72..73 " "
          TEXT@73..79 "nested"
          NEWLINE@79..80 "\\n"
    LIST_ITEM@80..94
      DASH@80..81 "-"
      WHITESPACE@81..82 " "
      PARAGRAPH@82..94
        TEXT@82..88 "Second"
        WHITESPACE@88..89 " "
        TEXT@89..93 "item"
        NEWLINE@93..94 "\\n"
    NEWLINE@94..95 "\\n"
  LIST@95..228
    LIST_ITEM@95..210
      TEXT@95..96 "1"
      DOT@96..97 "."
      WHITESPACE@97..98 " "
      PARAGRAPH@98..188
        TEXT@98..106 "Numbered"
        WHITESPACE@106..107 " "
        TEXT@107..111 "with"
        WHITESPACE@111..112 " "
        TEXT@112..116 "code"
        NEWLINE@116..117 "\\n"
        WHITESPACE@117..120 "   "
        CODE_SPAN@120..127
          BACKTICK@120..121 "`"
          BACKTICK@121..122 "`"
          BACKTICK@122..123 "`"
          TEXT@123..127 "rust"
        NEWLINE@127..128 "\\n"
        WHITESPACE@128..131 "   "
        TEXT@131..133 "fn"
        WHITESPACE@133..134 " "
        TEXT@134..141 "example"
        LPAREN@141..142 "("
        RPAREN@142..143 ")"
        WHITESPACE@143..144 " "
        TEXT@144..145 "{"
        NEWLINE@145..146 "\\n"
        WHITESPACE@146..153 "       "
        TEXT@153..161 "println!"
        LPAREN@161..162 "("
        TEXT@162..165 "\"in"
        WHITESPACE@165..166 " "
        TEXT@166..167 "a"
        WHITESPACE@167..168 " "
        TEXT@168..173 "list\""
        RPAREN@173..174 ")"
        TEXT@174..175 ";"
        NEWLINE@175..176 "\\n"
        WHITESPACE@176..179 "   "
        TEXT@179..180 "}"
        NEWLINE@180..181 "\\n"
        WHITESPACE@181..184 "   "
        CODE_SPAN@184..187
          BACKTICK@184..185 "`"
          BACKTICK@185..186 "`"
          BACKTICK@186..187 "`"
        NEWLINE@187..188 "\\n"
      WHITESPACE@188..191 "   "
      LIST@191..210
        LIST_ITEM@191..210
          TEXT@191..192 "1"
          DOT@192..193 "."
          WHITESPACE@193..194 " "
          PARAGRAPH@194..210
            TEXT@194..200 "Nested"
            WHITESPACE@200..201 " "
            TEXT@201..209 "numbered"
            NEWLINE@209..210 "\\n"
    LIST_ITEM@210..227
      TEXT@210..211 "2"
      DOT@211..212 "."
      WHITESPACE@212..213 " "
      PARAGRAPH@213..227
        TEXT@213..217 "More"
        WHITESPACE@217..218 " "
        TEXT@218..226 "numbered"
        NEWLINE@226..227 "\\n"
    NEWLINE@227..228 "\\n"
  LIST@228..437
    LIST_ITEM@228..424
      DASH@228..229 "-"
      WHITESPACE@229..230 " "
      PARAGRAPH@230..247
        TEXT@230..234 "Deep"
        WHITESPACE@234..235 " "
        TEXT@235..246 "blockquotes"
        NEWLINE@246..247 "\\n"
      WHITESPACE@247..249 "  "
      BLOCK_QUOTE@249..261
        GT@249..250 ">"
        WHITESPACE@250..251 " "
        TEXT@251..256 "level"
        WHITESPACE@256..257 " "
        TEXT@257..260 "one"
        NEWLINE@260..261 "\\n"
      WHITESPACE@261..263 "  "
      BLOCK_QUOTE@263..275
        GT@263..264 ">"
        WHITESPACE@264..265 " "
        TEXT@265..274 "continued"
        NEWLINE@274..275 "\\n"
      WHITESPACE@275..277 "  "
      BLOCK_QUOTE@277..290
        GT@277..278 ">"
        BLOCK_QUOTE@278..290
          GT@278..279 ">"
          WHITESPACE@279..280 " "
          TEXT@280..285 "level"
          WHITESPACE@285..286 " "
          TEXT@286..289 "two"
          NEWLINE@289..290 "\\n"
      WHITESPACE@290..292 "  "
      BLOCK_QUOTE@292..310
        GT@292..293 ">"
        BLOCK_QUOTE@293..310
          GT@293..294 ">"
          WHITESPACE@294..295 " "
          TEXT@295..299 "also"
          WHITESPACE@299..300 " "
          TEXT@300..309 "continued"
          NEWLINE@309..310 "\\n"
      WHITESPACE@310..312 "  "
      BLOCK_QUOTE@312..343
        GT@312..313 ">"
        BLOCK_QUOTE@313..343
          GT@313..314 ">"
          BLOCK_QUOTE@314..343
            GT@314..315 ">"
            WHITESPACE@315..316 " "
            TEXT@316..321 "level"
            WHITESPACE@321..322 " "
            TEXT@322..327 "three"
            WHITESPACE@327..328 " "
            TEXT@328..332 "with"
            WHITESPACE@332..333 " "
            TEXT@333..337 "long"
            WHITESPACE@337..338 " "
            TEXT@338..342 "text"
            NEWLINE@342..343 "\\n"
      WHITESPACE@343..345 "  "
      BLOCK_QUOTE@345..378
        GT@345..346 ">"
        BLOCK_QUOTE@346..378
          GT@346..347 ">"
          BLOCK_QUOTE@347..378
            GT@347..348 ">"
            WHITESPACE@348..349 " "
            TEXT@349..353 "that"
            WHITESPACE@353..354 " "
            TEXT@354..359 "wraps"
            WHITESPACE@359..360 " "
            TEXT@360..362 "to"
            WHITESPACE@362..363 " "
            TEXT@363..371 "multiple"
            WHITESPACE@371..372 " "
            TEXT@372..377 "lines"
            NEWLINE@377..378 "\\n"
      WHITESPACE@378..380 "  "
      BLOCK_QUOTE@380..402
        GT@380..381 ">"
        BLOCK_QUOTE@381..402
          GT@381..382 ">"
          BLOCK_QUOTE@382..402
            GT@382..383 ">"
            WHITESPACE@383..384 " "
            TEXT@384..386 "in"
            WHITESPACE@386..387 " "
            TEXT@387..390 "the"
            WHITESPACE@390..391 " "
            TEXT@391..401 "blockquote"
            NEWLINE@401..402 "\\n"
      WHITESPACE@402..404 "  "
      BLOCK_QUOTE@404..424
        GT@404..405 ">"
        WHITESPACE@405..406 " "
        TEXT@406..410 "back"
        WHITESPACE@410..411 " "
        TEXT@411..413 "to"
        WHITESPACE@413..414 " "
        TEXT@414..419 "level"
        WHITESPACE@419..420 " "
        TEXT@420..423 "one"
        NEWLINE@423..424 "\\n"
    LIST_ITEM@424..437
      DASH@424..425 "-"
      WHITESPACE@425..426 " "
      PARAGRAPH@426..437
        TEXT@426..431 "Final"
        WHITESPACE@431..432 " "
        TEXT@432..436 "item"
        NEWLINE@436..437 "\\n"
