---
source: crates/markdown-neuraxis-engine/src/parsing/tests/mod.rs
expression: snap
---
Snap(
  blocks: [
    BlockSnap(
      kind: "FencedCode(Backticks)",
      span: (0, 8),
      containers: [],
      content: ContentSnap(
        view_type: "Contiguous",
        content_span: Some((0, 7)),
      ),
      text: "```\n```\n",
      inline: [],
    ),
  ],
)
