---
source: crates/markdown-neuraxis-engine/src/parsing/tests/mod.rs
expression: snap
---
Snap(
  blocks: [
    BlockSnap(
      kind: "Paragraph",
      span: (0, 6),
      containers: [
        "Quote(1)",
      ],
      text: "> foo\n",
      inline: [
        InlineSnap(
          kind: "Text",
          span: (2, 6),
          text: "foo\n",
          parts: {},
        ),
      ],
    ),
    BlockSnap(
      kind: "FencedCode(Backticks)",
      span: (6, 37),
      containers: [
        "Quote(1)",
      ],
      text: "> ```rust\n> const x = 1;\n> ```\n",
      inline: [],
    ),
    BlockSnap(
      kind: "Paragraph",
      span: (37, 43),
      containers: [
        "Quote(1)",
      ],
      text: "> bar\n",
      inline: [
        InlineSnap(
          kind: "Text",
          span: (39, 43),
          text: "bar\n",
          parts: {},
        ),
      ],
    ),
  ],
)
