---
source: crates/markdown-neuraxis-engine/src/parsing/tests/mod.rs
expression: snap
---
Snap(
  blocks: [
    BlockSnap(
      kind: "FencedCode(Tildes)",
      span: (0, 29),
      containers: [],
      content: ContentSnap(
        view_type: "Contiguous",
        content_span: Some((0, 28)),
      ),
      text: "~~~python\nprint(\"hello\")\n~~~\n",
      inline: [],
    ),
  ],
)
