---
source: crates/markdown-neuraxis-engine/src/parsing/tests/mod.rs
expression: snap
---
Snap(
  blocks: [
    BlockSnap(
      kind: "FencedCode(Backticks)",
      span: (0, 25),
      containers: [],
      content: ContentSnap(
        view_type: "Contiguous",
        content_span: Some((0, 24)),
      ),
      text: "```rust\nfn unclosed() {}\n",
      inline: [],
    ),
  ],
)
