---
source: crates/markdown-neuraxis-engine/src/parsing/tests/mod.rs
expression: snap
---
Snap(
  blocks: [
    BlockSnap(
      kind: "Paragraph",
      span: (0, 44),
      containers: [],
      text: "Text [[target|alias]] and `[[not a link]]`.\n",
      inline: [
        InlineSnap(
          kind: "Text",
          span: (0, 5),
          text: "Text ",
          parts: {},
        ),
        InlineSnap(
          kind: "WikiLink",
          span: (5, 21),
          text: "[[target|alias]]",
          parts: {
            "alias": (14, 19),
            "target": (7, 13),
          },
        ),
        InlineSnap(
          kind: "Text",
          span: (21, 26),
          text: " and ",
          parts: {},
        ),
        InlineSnap(
          kind: "CodeSpan",
          span: (26, 42),
          text: "`[[not a link]]`",
          parts: {
            "inner": (27, 41),
          },
        ),
        InlineSnap(
          kind: "Text",
          span: (42, 44),
          text: ".\n",
          parts: {},
        ),
      ],
    ),
  ],
)
