---
source: crates/markdown-neuraxis-syntax/src/lib.rs
expression: "insta_format_tree(&tree, 0)"
---
ROOT@0..15
  PARAGRAPH@0..15
    TEXT@0..4 "Time"
    COLON@4..5 ":"
    WHITESPACE@5..6 " "
    TEXT@6..8 "10"
    COLON@8..9 ":"
    TEXT@9..11 "30"
    WHITESPACE@11..12 " "
    TEXT@12..14 "AM"
    NEWLINE@14..15 "\\n"
