---
source: src/parsing/snapshot_tests.rs
expression: normalized_content
---
- "!BulletList":
    items:
      - - "<some-uuid>"
        - content: First item
          segments: ~
          level: 0
          children: []
          nested_content: []
      - - "<some-uuid>"
        - content: Second item
          segments: ~
          level: 0
          children: []
          nested_content: []
      - - "<some-uuid>"
        - content: Third item
          segments: ~
          level: 0
          children: []
          nested_content: []
