---
source: src/parsing/snapshot_tests.rs
expression: normalized_content
---
- "!Paragraph":
    segments:
      - "!Text": "This paragraph has "
      - "!WikiLink":
          target: Simple-Link
      - "!Text": " and "
      - "!WikiLink":
          target: Folder/Page
      - "!Text": " references."
