---
source: src/parsing/snapshot_tests.rs
expression: doc.content
---
- Heading:
    level: 1
    text: Heading
- Paragraph:
    segments:
      - Text: "Paragraph with "
      - WikiLink:
          target: Getting-Started
      - Text: " link."
- BulletList:
    items:
      - - 4f462661-d7ea-4af4-853a-7d909f8b4888
        - content: "List item with [[journal/2024-01-15]] reference"
          segments:
            - Text: "List item with "
            - WikiLink:
                target: journal/2024-01-15
            - Text: " reference"
          level: 0
          children: []
          nested_content: []
      - - bfaa3421-5ba7-47e2-996a-b633e7bb4578
        - content: "Another item with [[1_Projects/Website]] link"
          segments:
            - Text: "Another item with "
            - WikiLink:
                target: 1_Projects/Website
            - Text: " link"
          level: 0
          children: []
          nested_content: []
