---
source: src/parsing/snapshot_tests.rs
expression: normalized_content
---
- "!BulletList":
    items:
      - - "<some-uuid>"
        - content: Item 1
          segments: ~
          level: 0
          children:
            - - "<some-uuid>"
              - content: Item 1.1
                segments: ~
                level: 1
                children:
                  - - "<some-uuid>"
                    - content: Item 1.1.1
                      segments: ~
                      level: 2
                      children:
                        - - "<some-uuid>"
                          - content: Item 1.1.1.1
                            segments: ~
                            level: 3
                            children: []
                            nested_content: []
                            marker: Dash
                        - - "<some-uuid>"
                          - content: Item 1.1.1.2
                            segments: ~
                            level: 3
                            children: []
                            nested_content: []
                            marker: Dash
                      nested_content: []
                      marker: Dash
                  - - "<some-uuid>"
                    - content: Item 1.1.2
                      segments: ~
                      level: 2
                      children: []
                      nested_content: []
                      marker: Dash
                nested_content: []
                marker: Dash
            - - "<some-uuid>"
              - content: Item 1.2
                segments: ~
                level: 1
                children:
                  - - "<some-uuid>"
                    - content: Item 1.2.1
                      segments: ~
                      level: 2
                      children: []
                      nested_content: []
                      marker: Dash
                nested_content: []
                marker: Dash
          nested_content: []
          marker: Dash
      - - "<some-uuid>"
        - content: Item 2
          segments: ~
          level: 0
          children:
            - - "<some-uuid>"
              - content: Item 2.1
                segments: ~
                level: 1
                children: []
                nested_content: []
                marker: Dash
          nested_content: []
          marker: Dash
      - - "<some-uuid>"
        - content: Item 3
          segments: ~
          level: 0
          children: []
          nested_content: []
          marker: Dash
