---
source: crates/markdown-neuraxis-engine/src/editing/snapshot.rs
expression: formatted
---
List { ordered: false } [0..45]
  children:
    ListItem { marker: "- " } [0..45]
      segments:
        Text [2..6] "Item"
      children:
        FencedCode { language: Some("rust") } [9..45]
          segments:
            Text [17..32] "  unclosed code"
