---
source: crates/markdown-neuraxis-engine/src/editing/snapshot.rs
expression: formatted
---
List { ordered: false } [0..14]
  children:
    ListItem { marker: "- " } [0..13]
      segments:
        Text [2..12] "First list"
List { ordered: false } [14..28]
  children:
    ListItem { marker: "- " } [14..28]
      segments:
        Text [16..27] "Second list"
