---
source: crates/markdown-neuraxis-syntax/src/lib.rs
expression: "insta_format_tree(&tree, 0)"
---
ROOT@0..92
  FENCED_CODE@0..49
    BACKTICK@0..1 "`"
    BACKTICK@1..2 "`"
    BACKTICK@2..3 "`"
    NEWLINE@3..4 "\\n"
    STAR@4..5 "*"
    TEXT@5..8 "not"
    WHITESPACE@8..9 " "
    TEXT@9..17 "emphasis"
    STAR@17..18 "*"
    WHITESPACE@18..19 " "
    STAR@19..20 "*"
    STAR@20..21 "*"
    TEXT@21..24 "not"
    WHITESPACE@24..25 " "
    TEXT@25..31 "strong"
    STAR@31..32 "*"
    STAR@32..33 "*"
    WHITESPACE@33..34 " "
    BACKTICK@34..35 "`"
    TEXT@35..38 "not"
    WHITESPACE@38..39 " "
    TEXT@39..43 "code"
    BACKTICK@43..44 "`"
    NEWLINE@44..45 "\\n"
    BACKTICK@45..46 "`"
    BACKTICK@46..47 "`"
    BACKTICK@47..48 "`"
    NEWLINE@48..49 "\\n"
  NEWLINE@49..50 "\\n"
  FENCED_CODE@50..92
    BACKTICK@50..51 "`"
    BACKTICK@51..52 "`"
    BACKTICK@52..53 "`"
    TEXT@53..57 "rust"
    NEWLINE@57..58 "\\n"
    TEXT@58..61 "let"
    WHITESPACE@61..62 " "
    TEXT@62..63 "x"
    WHITESPACE@63..64 " "
    EQUALS@64..65 "="
    WHITESPACE@65..66 " "
    TEXT@66..67 "\""
    LBRACKET@67..68 "["
    LBRACKET@68..69 "["
    TEXT@69..72 "not"
    WHITESPACE@72..73 " "
    TEXT@73..74 "a"
    WHITESPACE@74..75 " "
    TEXT@75..83 "wikilink"
    RBRACKET@83..84 "]"
    RBRACKET@84..85 "]"
    TEXT@85..87 "\";"
    NEWLINE@87..88 "\\n"
    BACKTICK@88..89 "`"
    BACKTICK@89..90 "`"
    BACKTICK@90..91 "`"
    NEWLINE@91..92 "\\n"
