---
source: crates/markdown-neuraxis-syntax/src/lib.rs
expression: "insta_format_tree(&tree, 0)"
---
ROOT@0..134
  HEADING@0..13
    HASH@0..1 "#"
    WHITESPACE@1..2 " "
    TEXT@2..6 "Main"
    WHITESPACE@6..7 " "
    TEXT@7..12 "Title"
    NEWLINE@12..13 "\\n"
  NEWLINE@13..14 "\\n"
  PARAGRAPH@14..50
    TEXT@14..18 "This"
    WHITESPACE@18..19 " "
    TEXT@19..21 "is"
    WHITESPACE@21..22 " "
    TEXT@22..25 "the"
    WHITESPACE@25..26 " "
    TEXT@26..38 "introduction"
    WHITESPACE@38..39 " "
    TEXT@39..48 "paragraph"
    DOT@48..49 "."
    NEWLINE@49..50 "\\n"
  NEWLINE@50..51 "\\n"
  HEADING@51..66
    HASH@51..52 "#"
    HASH@52..53 "#"
    WHITESPACE@53..54 " "
    TEXT@54..61 "Section"
    WHITESPACE@61..62 " "
    TEXT@62..65 "One"
    NEWLINE@65..66 "\\n"
  NEWLINE@66..67 "\\n"
  PARAGRAPH@67..92
    TEXT@67..74 "Content"
    WHITESPACE@74..75 " "
    TEXT@75..78 "for"
    WHITESPACE@78..79 " "
    TEXT@79..86 "section"
    WHITESPACE@86..87 " "
    TEXT@87..90 "one"
    DOT@90..91 "."
    NEWLINE@91..92 "\\n"
  NEWLINE@92..93 "\\n"
  HEADING@93..108
    HASH@93..94 "#"
    HASH@94..95 "#"
    WHITESPACE@95..96 " "
    TEXT@96..103 "Section"
    WHITESPACE@103..104 " "
    TEXT@104..107 "Two"
    NEWLINE@107..108 "\\n"
  NEWLINE@108..109 "\\n"
  PARAGRAPH@109..134
    TEXT@109..116 "Content"
    WHITESPACE@116..117 " "
    TEXT@117..120 "for"
    WHITESPACE@120..121 " "
    TEXT@121..128 "section"
    WHITESPACE@128..129 " "
    TEXT@129..132 "two"
    DOT@132..133 "."
    NEWLINE@133..134 "\\n"
