---
source: crates/markdown-neuraxis-syntax/src/lib.rs
expression: "insta_format_tree(&tree, 0)"
---
ROOT@0..92
  HEADING@0..12
    HASH@0..1 "#"
    WHITESPACE@1..2 " "
    TEXT@2..9 "Heading"
    WHITESPACE@9..10 " "
    TEXT@10..11 "1"
    NEWLINE@11..12 "\\n"
  NEWLINE@12..13 "\\n"
  HEADING@13..26
    HASH@13..14 "#"
    HASH@14..15 "#"
    WHITESPACE@15..16 " "
    TEXT@16..23 "Heading"
    WHITESPACE@23..24 " "
    TEXT@24..25 "2"
    NEWLINE@25..26 "\\n"
  NEWLINE@26..27 "\\n"
  HEADING@27..41
    HASH@27..28 "#"
    HASH@28..29 "#"
    HASH@29..30 "#"
    WHITESPACE@30..31 " "
    TEXT@31..38 "Heading"
    WHITESPACE@38..39 " "
    TEXT@39..40 "3"
    NEWLINE@40..41 "\\n"
  NEWLINE@41..42 "\\n"
  HEADING@42..57
    HASH@42..43 "#"
    HASH@43..44 "#"
    HASH@44..45 "#"
    HASH@45..46 "#"
    WHITESPACE@46..47 " "
    TEXT@47..54 "Heading"
    WHITESPACE@54..55 " "
    TEXT@55..56 "4"
    NEWLINE@56..57 "\\n"
  NEWLINE@57..58 "\\n"
  HEADING@58..74
    HASH@58..59 "#"
    HASH@59..60 "#"
    HASH@60..61 "#"
    HASH@61..62 "#"
    HASH@62..63 "#"
    WHITESPACE@63..64 " "
    TEXT@64..71 "Heading"
    WHITESPACE@71..72 " "
    TEXT@72..73 "5"
    NEWLINE@73..74 "\\n"
  NEWLINE@74..75 "\\n"
  HEADING@75..92
    HASH@75..76 "#"
    HASH@76..77 "#"
    HASH@77..78 "#"
    HASH@78..79 "#"
    HASH@79..80 "#"
    HASH@80..81 "#"
    WHITESPACE@81..82 " "
    TEXT@82..89 "Heading"
    WHITESPACE@89..90 " "
    TEXT@90..91 "6"
    NEWLINE@91..92 "\\n"
