---
source: crates/markdown-neuraxis-syntax/src/lib.rs
expression: "insta_format_tree(&tree, 0)"
---
ROOT@0..102
  PARAGRAPH@0..54
    TEXT@0..1 "A"
    WHITESPACE@1..2 " "
    TEXT@2..11 "paragraph"
    WHITESPACE@11..12 " "
    TEXT@12..16 "with"
    WHITESPACE@16..17 " "
    LINK@17..46
      LBRACKET@17..18 "["
      TEXT@18..19 "a"
      WHITESPACE@19..20 " "
      TEXT@20..24 "link"
      RBRACKET@24..25 "]"
      LPAREN@25..26 "("
      TEXT@26..31 "https"
      COLON@31..32 ":"
      TEXT@32..41 "//example"
      DOT@41..42 "."
      TEXT@42..45 "com"
      RPAREN@45..46 ")"
    WHITESPACE@46..47 " "
    TEXT@47..49 "in"
    WHITESPACE@49..50 " "
    TEXT@50..52 "it"
    DOT@52..53 "."
    NEWLINE@53..54 "\\n"
  NEWLINE@54..55 "\\n"
  PARAGRAPH@55..102
    TEXT@55..59 "Also"
    WHITESPACE@59..60 " "
    WIKILINK@60..72
      LBRACKET@60..61 "["
      LBRACKET@61..62 "["
      TEXT@62..70 "wikilink"
      RBRACKET@70..71 "]"
      RBRACKET@71..72 "]"
    WHITESPACE@72..73 " "
    TEXT@73..76 "and"
    WHITESPACE@76..77 " "
    WIKILINK@77..100
      LBRACKET@77..78 "["
      LBRACKET@78..79 "["
      TEXT@79..87 "wikilink"
      PIPE@87..88 "|"
      TEXT@88..92 "with"
      WHITESPACE@92..93 " "
      TEXT@93..98 "alias"
      RBRACKET@98..99 "]"
      RBRACKET@99..100 "]"
    DOT@100..101 "."
    NEWLINE@101..102 "\\n"
