---
source: crates/markdown-neuraxis-syntax/src/lib.rs
expression: "insta_format_tree(&tree, 0)"
---
ROOT@0..201
  UNORDERED_LIST@0..201
    LIST_ITEM@0..21
      DASH@0..1 "-"
      WHITESPACE@1..2 " "
      PARAGRAPH@2..21
        TEXT@2..8 "Normal"
        WHITESPACE@8..9 " "
        TEXT@9..15 "bullet"
        WHITESPACE@15..16 " "
        TEXT@16..20 "item"
        NEWLINE@20..21 "\\n"
    LIST_ITEM@21..95
      DASH@21..22 "-"
      WHITESPACE@22..23 " "
      PARAGRAPH@23..95
        TEXT@23..27 "This"
        WHITESPACE@27..28 " "
        TEXT@28..32 "line"
        WHITESPACE@32..33 " "
        TEXT@33..36 "has"
        WHITESPACE@36..37 " "
        TEXT@37..41 "hard"
        WHITESPACE@41..42 " "
        TEXT@42..46 "wrap"
        NEWLINE@46..47 "\\n"
        WHITESPACE@47..49 "  "
        TEXT@49..53 "this"
        WHITESPACE@53..54 " "
        TEXT@54..63 "continues"
        WHITESPACE@63..64 " "
        TEXT@64..69 "after"
        WHITESPACE@69..70 " "
        TEXT@70..75 "break"
        NEWLINE@75..76 "\\n"
        WHITESPACE@76..78 "  "
        TEXT@78..81 "and"
        WHITESPACE@81..82 " "
        TEXT@82..83 "a"
        WHITESPACE@83..84 " "
        TEXT@84..89 "third"
        WHITESPACE@89..90 " "
        TEXT@90..94 "line"
        NEWLINE@94..95 "\\n"
    LIST_ITEM@95..170
      DASH@95..96 "-"
      WHITESPACE@96..97 " "
      PARAGRAPH@97..170
        TEXT@97..101 "This"
        WHITESPACE@101..102 " "
        TEXT@102..106 "line"
        WHITESPACE@106..107 " "
        TEXT@107..110 "has"
        WHITESPACE@110..111 " "
        TEXT@111..117 "forced"
        WHITESPACE@117..118 " "
        TEXT@118..126 "newlines"
        WHITESPACE@126..128 "  "
        NEWLINE@128..129 "\\n"
        WHITESPACE@129..131 "  "
        TEXT@131..133 "by"
        WHITESPACE@133..134 " "
        TEXT@134..140 "adding"
        WHITESPACE@140..141 " "
        TEXT@141..144 "two"
        WHITESPACE@144..146 "  "
        NEWLINE@146..147 "\\n"
        WHITESPACE@147..149 "  "
        TEXT@149..157 "trailing"
        WHITESPACE@157..158 " "
        TEXT@158..169 "whitespaces"
        NEWLINE@169..170 "\\n"
    LIST_ITEM@170..201
      DASH@170..171 "-"
      WHITESPACE@171..172 " "
      PARAGRAPH@172..201
        TEXT@172..178 "Bullet"
        WHITESPACE@178..179 " "
        TEXT@179..183 "with"
        WHITESPACE@183..184 " "
        TEXT@184..192 "trailing"
        WHITESPACE@192..193 " "
        TEXT@193..198 "space"
        WHITESPACE@198..200 "  "
        NEWLINE@200..201 "\\n"
