---
source: crates/markdown-neuraxis-syntax/src/lib.rs
expression: "insta_format_tree(&tree, 0)"
---
ROOT@0..236
  UNORDERED_LIST@0..236
    LIST_ITEM@0..14
      DASH@0..1 "-"
      WHITESPACE@1..2 " "
      PARAGRAPH@2..14
        TEXT@2..8 "Simple"
        WHITESPACE@8..9 " "
        TEXT@9..13 "item"
        NEWLINE@13..14 "\\n"
    LIST_ITEM@14..134
      DASH@14..15 "-"
      WHITESPACE@15..16 " "
      PARAGRAPH@16..71
        TEXT@16..21 "Multi"
        DASH@21..22 "-"
        TEXT@22..26 "line"
        WHITESPACE@26..27 " "
        TEXT@27..31 "item"
        WHITESPACE@31..32 " "
        TEXT@32..36 "that"
        WHITESPACE@36..37 " "
        TEXT@37..40 "has"
        WHITESPACE@40..42 "  "
        NEWLINE@42..43 "\\n"
        WHITESPACE@43..45 "  "
        TEXT@45..46 "a"
        WHITESPACE@46..47 " "
        TEXT@47..51 "hard"
        WHITESPACE@51..52 " "
        TEXT@52..56 "wrap"
        WHITESPACE@56..57 " "
        TEXT@57..59 "in"
        WHITESPACE@59..60 " "
        TEXT@60..63 "the"
        WHITESPACE@63..64 " "
        TEXT@64..70 "middle"
        NEWLINE@70..71 "\\n"
      WHITESPACE@71..73 "  "
      UNORDERED_LIST@73..134
        LIST_ITEM@73..110
          DASH@73..74 "-"
          WHITESPACE@74..75 " "
          PARAGRAPH@75..110
            TEXT@75..81 "Nested"
            WHITESPACE@81..82 " "
            TEXT@82..86 "item"
            WHITESPACE@86..87 " "
            TEXT@87..92 "under"
            WHITESPACE@92..93 " "
            TEXT@93..102 "multiline"
            WHITESPACE@102..103 " "
            TEXT@103..109 "parent"
            NEWLINE@109..110 "\\n"
        WHITESPACE@110..112 "  "
        LIST_ITEM@112..134
          DASH@112..113 "-"
          WHITESPACE@113..114 " "
          PARAGRAPH@114..134
            TEXT@114..121 "Another"
            WHITESPACE@121..122 " "
            TEXT@122..128 "nested"
            WHITESPACE@128..129 " "
            TEXT@129..133 "item"
            NEWLINE@133..134 "\\n"
    LIST_ITEM@134..156
      DASH@134..135 "-"
      WHITESPACE@135..136 " "
      PARAGRAPH@136..156
        TEXT@136..143 "Another"
        WHITESPACE@143..144 " "
        TEXT@144..150 "simple"
        WHITESPACE@150..151 " "
        TEXT@151..155 "item"
        NEWLINE@155..156 "\\n"
    LIST_ITEM@156..236
      DASH@156..157 "-"
      WHITESPACE@157..158 " "
      PARAGRAPH@158..215
        TEXT@158..163 "Final"
        WHITESPACE@163..164 " "
        TEXT@164..168 "item"
        WHITESPACE@168..169 " "
        TEXT@169..173 "with"
        NEWLINE@173..174 "\\n"
        WHITESPACE@174..176 "  "
        TEXT@176..184 "multiple"
        WHITESPACE@184..185 " "
        TEXT@185..190 "lines"
        WHITESPACE@190..191 " "
        TEXT@191..194 "and"
        NEWLINE@194..195 "\\n"
        WHITESPACE@195..197 "  "
        TEXT@197..201 "even"
        WHITESPACE@201..202 " "
        TEXT@202..206 "more"
        WHITESPACE@206..207 " "
        TEXT@207..214 "content"
        NEWLINE@214..215 "\\n"
      WHITESPACE@215..217 "  "
      UNORDERED_LIST@217..236
        LIST_ITEM@217..236
          DASH@217..218 "-"
          WHITESPACE@218..219 " "
          PARAGRAPH@219..236
            TEXT@219..223 "Deep"
            WHITESPACE@223..224 " "
            TEXT@224..230 "nested"
            WHITESPACE@230..231 " "
            TEXT@231..235 "item"
            NEWLINE@235..236 "\\n"
