---
source: crates/markdown-neuraxis-syntax/src/lib.rs
expression: "insta_format_tree(&tree, 0)"
---
ROOT@0..234
  UNORDERED_LIST@0..234
    LIST_ITEM@0..14
      DASH@0..1 "-"
      WHITESPACE@1..2 " "
      PARAGRAPH@2..14
        TEXT@2..8 "Simple"
        WHITESPACE@8..9 " "
        TEXT@9..13 "item"
        NEWLINE@13..14 "\\n"
    LIST_ITEM@14..132
      DASH@14..15 "-"
      WHITESPACE@15..16 " "
      PARAGRAPH@16..69
        TEXT@16..21 "Multi"
        DASH@21..22 "-"
        TEXT@22..26 "line"
        WHITESPACE@26..27 " "
        TEXT@27..31 "item"
        WHITESPACE@31..32 " "
        TEXT@32..36 "that"
        WHITESPACE@36..37 " "
        TEXT@37..40 "has"
        NEWLINE@40..41 "\\n"
        WHITESPACE@41..43 "  "
        TEXT@43..44 "a"
        WHITESPACE@44..45 " "
        TEXT@45..49 "hard"
        WHITESPACE@49..50 " "
        TEXT@50..54 "wrap"
        WHITESPACE@54..55 " "
        TEXT@55..57 "in"
        WHITESPACE@57..58 " "
        TEXT@58..61 "the"
        WHITESPACE@61..62 " "
        TEXT@62..68 "middle"
        NEWLINE@68..69 "\\n"
      WHITESPACE@69..71 "  "
      UNORDERED_LIST@71..132
        LIST_ITEM@71..108
          DASH@71..72 "-"
          WHITESPACE@72..73 " "
          PARAGRAPH@73..108
            TEXT@73..79 "Nested"
            WHITESPACE@79..80 " "
            TEXT@80..84 "item"
            WHITESPACE@84..85 " "
            TEXT@85..90 "under"
            WHITESPACE@90..91 " "
            TEXT@91..100 "multiline"
            WHITESPACE@100..101 " "
            TEXT@101..107 "parent"
            NEWLINE@107..108 "\\n"
        WHITESPACE@108..110 "  "
        LIST_ITEM@110..132
          DASH@110..111 "-"
          WHITESPACE@111..112 " "
          PARAGRAPH@112..132
            TEXT@112..119 "Another"
            WHITESPACE@119..120 " "
            TEXT@120..126 "nested"
            WHITESPACE@126..127 " "
            TEXT@127..131 "item"
            NEWLINE@131..132 "\\n"
    LIST_ITEM@132..154
      DASH@132..133 "-"
      WHITESPACE@133..134 " "
      PARAGRAPH@134..154
        TEXT@134..141 "Another"
        WHITESPACE@141..142 " "
        TEXT@142..148 "simple"
        WHITESPACE@148..149 " "
        TEXT@149..153 "item"
        NEWLINE@153..154 "\\n"
    LIST_ITEM@154..234
      DASH@154..155 "-"
      WHITESPACE@155..156 " "
      PARAGRAPH@156..213
        TEXT@156..161 "Final"
        WHITESPACE@161..162 " "
        TEXT@162..166 "item"
        WHITESPACE@166..167 " "
        TEXT@167..171 "with"
        NEWLINE@171..172 "\\n"
        WHITESPACE@172..174 "  "
        TEXT@174..182 "multiple"
        WHITESPACE@182..183 " "
        TEXT@183..188 "lines"
        WHITESPACE@188..189 " "
        TEXT@189..192 "and"
        NEWLINE@192..193 "\\n"
        WHITESPACE@193..195 "  "
        TEXT@195..199 "even"
        WHITESPACE@199..200 " "
        TEXT@200..204 "more"
        WHITESPACE@204..205 " "
        TEXT@205..212 "content"
        NEWLINE@212..213 "\\n"
      WHITESPACE@213..215 "  "
      UNORDERED_LIST@215..234
        LIST_ITEM@215..234
          DASH@215..216 "-"
          WHITESPACE@216..217 " "
          PARAGRAPH@217..234
            TEXT@217..221 "Deep"
            WHITESPACE@221..222 " "
            TEXT@222..228 "nested"
            WHITESPACE@228..229 " "
            TEXT@229..233 "item"
            NEWLINE@233..234 "\\n"
