---
source: crates/markdown-neuraxis-engine/src/editing/snapshot.rs
expression: formatted
---
Paragraph [0..70]
  segments:
    Text [0..20] "Line with hard break"
    HardBreak [20..23]
    Text [23..32] "next line"
    SoftBreak [32..32]
    Text [33..55] "Single space no break "
    SoftBreak [55..55]
    Text [56..69] "also no break"
