---
source: crates/markdown-neuraxis-engine/src/editing/snapshot.rs
expression: formatted
---
Paragraph [0..25]
  segments:
    Text [0..5] "Some "
    Code [5..18] "inline code"
    Text [18..24] " here."
Paragraph [26..64]
  segments:
    Text [26..30] "And "
    Code [30..62] "`code with `backticks` inside`"
    Text [62..63] "."
