---
source: crates/markdown-neuraxis-engine/src/editing/snapshot.rs
expression: formatted
---
Paragraph [0..41]
  segments:
    Text [0..9] "This has "
    Emphasis [9..19]
      Text "emphasis"
    Text [19..24] " and "
    Strong [24..34]
      Text "strong"
    Text [34..40] " text."
Paragraph [42..96]
  segments:
    Text [42..47] "Also "
    Emphasis [47..68]
      Text "underscore emphasis"
    Text [68..73] " and "
    Strong [73..94]
      Text "double underscore"
    Text [94..95] "."
