---
source: crates/markdown-neuraxis-engine/src/editing/snapshot.rs
expression: formatted
---
Paragraph [0..30]
  segments:
    Link [0..29] text:"*emphasized link text*" url:"url"
Paragraph [31..59]
  segments:
    Link [31..58] text:"**strong link text**" url:"url"
Paragraph [60..91]
  segments:
    Link [60..90] text:"link with `code` inside" url:"url"
