---
source: crates/markdown-neuraxis-engine/src/editing/snapshot.rs
expression: formatted
---
List { ordered: false } [0..116]
  children:
    ListItem { marker: "- " } [0..116]
      segments:
        Text [2..10] "a bullet"
        SoftBreak [10..10]
        Text [11..17] "  with"
      children:
        BlockQuote [20..30]
          children:
            Paragraph [18..29]
              segments:
                Text [22..29] "a quote"
        Paragraph [32..36]
          segments:
            Text [32..35] "and"
        FencedCode { language: None } [38..60]
          segments:
            Text [42..53] "  some code"
        Paragraph [62..67]
          segments:
            Text [62..66] "then"
        List { ordered: false } [69..87]
          children:
            ListItem { marker: "- " } [69..87]
              segments:
                Text [71..86] "an inner bullet"
        Paragraph [89..101]
          segments:
            Text [89..100] "followed by"
        Heading { level: 2 } [103..116]
          segments:
            Text [106..115] "a heading"
