---
source: crates/markdown-neuraxis-engine/src/editing/snapshot.rs
expression: formatted
---
List { ordered: false } [0..95]
  children:
    ListItem { marker: "- " } [0..80]
      segments:
        Text [2..12] "First item"
        SoftBreak [12..12]
        Text [13..29] "  continued here"
      children:
        BlockQuote [32..80]
          children:
            Paragraph [32..61]
              segments:
                Text [34..45] "quoted part"
                SoftBreak [45..45]
                Text [50..60] "more quote"
            BlockQuote [64..80]
              children:
                Paragraph [66..79]
                  segments:
                    Text [66..79] "deeply nested"
    ListItem { marker: "- " } [80..94]
      segments:
        Text [82..93] "Second item"
List { ordered: true } [95..228]
  children:
    ListItem { marker: "1. " } [95..210]
      segments:
        Text [98..116] "Numbered with code"
      children:
        FencedCode { language: Some("rust") } [120..188]
          segments:
            Text [128..180] "   fn example() {\n       println!(\"in a list\");\n   }"
        List { ordered: true } [191..210]
          children:
            ListItem { marker: "1. " } [191..210]
              segments:
                Text [194..209] "Nested numbered"
    ListItem { marker: "2. " } [210..227]
      segments:
        Text [213..226] "More numbered"
List { ordered: false } [228..437]
  children:
    ListItem { marker: "- " } [228..424]
      segments:
        Text [230..246] "Deep blockquotes"
      children:
        BlockQuote [249..424]
          children:
            Paragraph [249..275]
              segments:
                Text [251..260] "level one"
                SoftBreak [260..260]
                Text [265..274] "continued"
            BlockQuote [278..402]
              children:
                Paragraph [278..310]
                  segments:
                    Text [280..289] "level two"
                    SoftBreak [289..289]
                    Text [295..309] "also continued"
                BlockQuote [314..402]
                  children:
                    Paragraph [314..402]
                      segments:
                        Text [316..342] "level three with long text"
                        SoftBreak [342..342]
                        Text [349..377] "that wraps to multiple lines"
                        SoftBreak [377..377]
                        Text [384..401] "in the blockquote"
            Paragraph [404..424]
              segments:
                Text [406..423] "back to level one"
    ListItem { marker: "- " } [424..437]
      segments:
        Text [426..436] "Final item"
