---
source: crates/markdown-neuraxis-engine/src/editing/snapshot.rs
expression: formatted
---
List { ordered: false } [0..116]
  children:
    ListItem { marker: "- " } [0..116]
      segments:
        Text [2..10] "a bullet"
        SoftBreak [10..10]
        Text [11..17] "  with"
      children:
        BlockQuote [20..30]
          children:
            Paragraph [18..29]
              segments:
                Text [22..29] "a quote"
        FencedCode { language: None } [38..60]
          segments:
            Text [42..53] "  some code"
        List { ordered: false } [69..116]
          children:
            ListItem { marker: "- " } [69..116]
              segments:
                Text [71..86] "an inner bullet"
                SoftBreak [86..86]
                Text [87..100] "  followed by"
                SoftBreak [100..100]
                Text [101..115] "  ## a heading"
