---
source: crates/markdown-neuraxis-engine/src/editing/snapshot.rs
expression: formatted
---
List { ordered: false } [0..53]
  children:
    ListItem { marker: "- " } [0..37]
      segments:
        Text [2..14] "First bullet"
        SoftBreak [14..14]
        Text [15..36] "  with hanging indent"
    ListItem { marker: "- " } [37..53]
      segments:
        Text [39..52] "Second bullet"
