---
source: crates/markdown-neuraxis-engine/src/editing/snapshot.rs
expression: formatted
---
List { ordered: false } [0..236]
  children:
    ListItem { marker: "- " } [0..14]
      segments:
        Text [2..13] "Simple item"
    ListItem { marker: "- " } [14..134]
      segments:
        Text [16..40] "Multi-line item that has"
        HardBreak [40..43]
        Text [43..70] "  a hard wrap in the middle"
      children:
        List { ordered: false } [73..134]
          children:
            ListItem { marker: "- " } [73..110]
              segments:
                Text [75..109] "Nested item under multiline parent"
            ListItem { marker: "- " } [112..134]
              segments:
                Text [114..133] "Another nested item"
    ListItem { marker: "- " } [134..156]
      segments:
        Text [136..155] "Another simple item"
    ListItem { marker: "- " } [156..236]
      segments:
        Text [158..173] "Final item with"
        SoftBreak [173..173]
        Text [174..194] "  multiple lines and"
        SoftBreak [194..194]
        Text [195..214] "  even more content"
      children:
        List { ordered: false } [217..236]
          children:
            ListItem { marker: "- " } [217..236]
              segments:
                Text [219..235] "Deep nested item"
