---
source: crates/markdown-neuraxis-engine/src/editing/snapshot.rs
expression: formatted
---
List { ordered: false } [0..201]
  children:
    ListItem { marker: "- " } [0..21]
      segments:
        Text [2..20] "Normal bullet item"
    ListItem { marker: "- " } [21..95]
      segments:
        Text [23..46] "This line has hard wrap"
        SoftBreak [46..46]
        Text [47..75] "  this continues after break"
        SoftBreak [75..75]
        Text [76..94] "  and a third line"
    ListItem { marker: "- " } [95..170]
      segments:
        Text [97..126] "This line has forced newlines"
        HardBreak [126..129]
        Text [129..144] "  by adding two"
        HardBreak [144..147]
        Text [147..169] "  trailing whitespaces"
    ListItem { marker: "- " } [170..201]
      segments:
        Text [172..198] "Bullet with trailing space"
        HardBreak [198..201]
