---
source: crates/markdown-neuraxis-engine/src/editing/snapshot.rs
expression: formatted
---
List { ordered: false } [0..91]
  children:
    ListItem { marker: "- " } [0..23]
      segments:
        Text [2..12] "Item with "
        Emphasis [12..22]
          Text "emphasis"
    ListItem { marker: "- " } [23..47]
      segments:
        Text [25..35] "Item with "
        Link [35..46] text:"link" url:"url"
    ListItem { marker: "- " } [47..66]
      segments:
        Text [49..59] "Item with "
        Code [59..65] "code"
    ListItem { marker: "- " } [66..91]
      segments:
        Text [68..78] "Item with "
        WikiLink [78..90] target:"wikilink"
