---
source: crates/markdown-neuraxis-engine/src/editing/snapshot.rs
expression: formatted
---
Paragraph [0..22]
  segments:
    Text [0..21] "First paragraph here."
Paragraph [23..58]
  segments:
    Text [23..57] "Second paragraph after blank line."
Paragraph [59..94]
  segments:
    Text [59..93] "Third paragraph with more content."
