---
source: crates/markdown-neuraxis-engine/src/editing/snapshot.rs
expression: formatted
---
Heading { level: 1 } [0..19]
  segments:
    Text [2..18] "Project Overview"
Paragraph [20..46]
  segments:
    Text [20..45] "This is the introduction."
Heading { level: 2 } [47..59]
  segments:
    Text [50..58] "Features"
List { ordered: false } [60..125]
  children:
    ListItem { marker: "- " } [60..110]
      root_range: 60..125
      segments:
        Text [62..73] "Feature one"
      children:
        List { ordered: false } [76..110]
          children:
            ListItem { marker: "- " } [76..110]
              root_range: 60..125
              segments:
                Text [78..91] "Sub-feature A"
              children:
                List { ordered: false } [94..110]
                  children:
                    ListItem { marker: "- " } [94..110]
                      root_range: 60..125
                      segments:
                        Text [96..109] "Sub-feature B"
    ListItem { marker: "- " } [110..124]
      root_range: 60..125
      segments:
        Text [112..123] "Feature two"
Heading { level: 2 } [125..141]
  segments:
    Text [128..140] "Code Example"
FencedCode { language: Some("javascript") } [142..190]
  segments:
    Text [156..189] "const x = 42;\nconsole.log(x);\n```"
Heading { level: 2 } [191..201]
  segments:
    Text [194..200] "Quotes"
BlockQuote [202..225]
  segments:
    Text [204..224] "Important note here."
BlockQuote [225..246]
  segments:
    Text [227..245] "Don't forget this."
ThematicBreak [247..251]
Paragraph [252..261]
  segments:
    Text [252..260] "The end."
