---
source: crates/markdown-neuraxis-engine/src/editing/snapshot.rs
expression: formatted
---
Heading { level: 2 } [0..15]
  segments:
    Text [3..14] "Heading 2  "
Heading { level: 3 } [15..31]
  segments:
    Text [19..30] "Heading 3  "
Heading { level: 1 } [31..45]
  segments:
    Text [33..44] "Heading 1  "
Paragraph [45..81]
  segments:
    Text [45..55] "Text after"
    HardBreak [55..58]
    Text [58..80] "heading with hardbreak"
