---
source: crates/markdown-neuraxis-engine/src/editing/snapshot.rs
expression: formatted
---
FencedCode { language: None } [0..49]
  segments:
    Text [4..44] "*not emphasis* **not strong** `not code`"
FencedCode { language: Some("rust") } [50..92]
  segments:
    Text [58..87] "let x = \"[[not a wikilink]]\";"
