---
source: crates/markdown-neuraxis-engine/src/editing/snapshot.rs
expression: formatted
---
FencedCode { language: None } [0..49]
  segments:
    Text [4..48] "*not emphasis* **not strong** `not code`\n```"
FencedCode { language: Some("rust") } [50..92]
  segments:
    Text [58..91] "let x = \"[[not a wikilink]]\";\n```"
