---
source: crates/markdown-neuraxis-engine/src/editing/snapshot.rs
expression: formatted
---
Heading { level: 1 } [0..13]
  segments:
    Text [2..12] "Main Title"
Paragraph [14..50]
  segments:
    Text [14..49] "This is the introduction paragraph."
Heading { level: 2 } [51..66]
  segments:
    Text [54..65] "Section One"
Paragraph [67..92]
  segments:
    Text [67..91] "Content for section one."
Heading { level: 2 } [93..108]
  segments:
    Text [96..107] "Section Two"
Paragraph [109..134]
  segments:
    Text [109..133] "Content for section two."
