---
source: crates/markdown-neuraxis-engine/src/editing/snapshot.rs
expression: formatted
---
Heading { level: 1 } [0..12]
  segments:
    Text [2..11] "Heading 1"
Heading { level: 2 } [13..26]
  segments:
    Text [16..25] "Heading 2"
Heading { level: 3 } [27..41]
  segments:
    Text [31..40] "Heading 3"
Heading { level: 4 } [42..57]
  segments:
    Text [47..56] "Heading 4"
Heading { level: 5 } [58..74]
  segments:
    Text [64..73] "Heading 5"
Heading { level: 6 } [75..92]
  segments:
    Text [82..91] "Heading 6"
