---
source: crates/markdown-neuraxis-engine/src/editing/snapshot.rs
expression: formatted
---
Paragraph [0..33]
  segments:
    Text [0..10] "An image: "
    Image [10..32] alt:"alt text" url:"image.png"
Paragraph [34..49]
  segments:
    Text [34..48] "Image in list:"
List { ordered: false } [49..78]
  children:
    ListItem { marker: "- " } [49..78]
      segments:
        Image [51..68] alt:"icon" url:"icon.png"
        Text [68..77] " Item one"
