---
source: crates/markdown-neuraxis-engine/src/editing/snapshot.rs
expression: formatted
---
Paragraph [0..54]
  segments:
    Text [0..17] "A paragraph with "
    Link [17..46] text:"a link" url:"https://example.com"
    Text [46..53] " in it."
Paragraph [55..102]
  segments:
    Text [55..60] "Also "
    WikiLink [60..72] target:"wikilink"
    Text [72..77] " and "
    WikiLink [77..100] target:"wikilink" alias:"with alias"
    Text [100..101] "."
