---
source: crates/markdown-neuraxis-engine/src/editing/snapshot_v2.rs
expression: formatted
---
Paragraph [0..22]
  lines:
    full:0..22 prefix:0..0"" content:0..21"First paragraph here."
Paragraph [23..58]
  lines:
    full:23..58 prefix:23..23"" content:23..57"Second paragraph after blank line."
Paragraph [59..94]
  lines:
    full:59..94 prefix:59..59"" content:59..93"Third paragraph with more content."
