---
source: crates/markdown-neuraxis-engine/src/editing/snapshot.rs
expression: formatted
---
Paragraph [0..51]
  segments:
    Text [0..9] "This has "
    Strong [9..49]
      Text "strong with "
      Emphasis
        Text "nested emphasis"
      Text " inside"
    Text [49..50] "."
Paragraph [52..98]
  segments:
    Text [52..56] "And "
    Emphasis [56..96]
      Text "emphasis with "
      Strong
        Text "nested strong"
      Text " inside"
    Text [96..97] "."
