---
source: crates/markdown-neuraxis-engine/src/editing/snapshot.rs
expression: formatted
---
BlockQuote [0..14]
  segments:
    Text [2..13] "Outer quote"
BlockQuote [14..30]
  segments:
    Text [17..29] "Nested quote"
  children:
    BlockQuote [15..30]
      root_range: 14..30
      segments:
        Text [17..29] "Nested quote"
BlockQuote [30..48]
  segments:
    Text [34..47] "Deeply nested"
  children:
    BlockQuote [31..48]
      root_range: 30..48
      segments:
        Text [34..47] "Deeply nested"
      children:
        BlockQuote [32..48]
          root_range: 30..48
          segments:
            Text [34..47] "Deeply nested"
BlockQuote [48..72]
  segments:
    Text [51..71] "Back to second level"
  children:
    BlockQuote [49..72]
      root_range: 48..72
      segments:
        Text [51..71] "Back to second level"
BlockQuote [72..94]
  segments:
    Text [74..93] "Back to first level"
