---
source: crates/markdown-neuraxis-engine/src/editing/snapshot.rs
expression: formatted
---
List { ordered: true } [0..43]
  children:
    ListItem { marker: "1. " } [0..14]
      segments:
        Text [3..13] "First item"
    ListItem { marker: "2. " } [14..29]
      segments:
        Text [17..28] "Second item"
    ListItem { marker: "3. " } [29..43]
      segments:
        Text [32..42] "Third item"
