---
source: crates/markdown-neuraxis-engine/src/editing/snapshot.rs
expression: formatted
---
List { ordered: false } [0..40]
  children:
    ListItem { marker: "- " } [0..13]
      segments:
        Text [2..12] "First item"
    ListItem { marker: "- " } [13..27]
      segments:
        Text [15..26] "Second item"
    ListItem { marker: "- " } [27..40]
      segments:
        Text [29..39] "Third item"
