---
source: src/lib.rs
expression: doc.content
---
- BulletList:
    items:
      - content: Second parent
        level: 0
        children: []
      - content: Parent item
        level: 0
        children:
          - content: Another child
            level: 1
            children: []
          - content: Child item
            level: 1
            children: []
